2022-09-19T00:27:31.503+0800	INFO	dataStructure/main.go:58	this is info message
2022-09-19T00:27:31.503+0800	INFO	dataStructure/main.go:59	this is aaa, 1234
2022-09-19T00:27:31.503+0800	ERROR	dataStructure/main.go:60	this is error message
main.main
	/Users/xzg/Documents/mygo/src/dataStructure/main.go:60
runtime.main
	/usr/local/go/src/runtime/proc.go:250
2022-09-19T00:27:31.503+0800	WARN	dataStructure/main.go:61	41231
main.main
	/Users/xzg/Documents/mygo/src/dataStructure/main.go:61
runtime.main
	/usr/local/go/src/runtime/proc.go:250
2022-09-19T00:27:31.503+0800	INFO	dataStructure/main.go:62	this is info message
2022-09-19T00:28:52.150+0800	INFO	dataStructure/main.go:58	this is info message
2022-09-19T00:28:52.150+0800	INFO	dataStructure/main.go:59	this is aaa, 1234
2022-09-19T00:28:52.150+0800	ERROR	dataStructure/main.go:60	this is error message
main.main
	/Users/xzg/Documents/mygo/src/dataStructure/main.go:60
runtime.main
	/usr/local/go/src/runtime/proc.go:250
2022-09-19T00:28:52.150+0800	WARN	dataStructure/main.go:61	41231
main.main
	/Users/xzg/Documents/mygo/src/dataStructure/main.go:61
runtime.main
	/usr/local/go/src/runtime/proc.go:250
2022-09-19T00:28:52.150+0800	INFO	dataStructure/main.go:62	this is info message
2022-09-19T00:29:00.509+0800	INFO	dataStructure/main.go:58	this is info message
2022-09-19T00:29:00.509+0800	INFO	dataStructure/main.go:59	this is aaa, 1234
2022-09-19T00:29:00.509+0800	ERROR	dataStructure/main.go:60	this is error message
main.main
	/Users/xzg/Documents/mygo/src/dataStructure/main.go:60
runtime.main
	/usr/local/go/src/runtime/proc.go:250
2022-09-19T00:29:00.509+0800	WARN	dataStructure/main.go:61	41231
main.main
	/Users/xzg/Documents/mygo/src/dataStructure/main.go:61
runtime.main
	/usr/local/go/src/runtime/proc.go:250
2022-09-19T00:29:00.509+0800	INFO	dataStructure/main.go:62	this is info message
